▲ Next.js 16.2.9 (Turbopack)
- Local:         http://localhost:3000
- Network:       http://0.0.0.0:3000
- Environments: .env.local
✓ Ready in 332ms
⚠ Warning: Next.js inferred your workspace root, but it may not be correct.
 We detected multiple lockfiles and selected the directory of /home/soffy/projects/veya/package-lock.json as the root directory.
 To silence this warning, set `turbopack.root` in your Next.js config, or consider removing one of the lockfiles if it's not needed.
   See https://nextjs.org/docs/app/api-reference/config/next-config-js/turbopack#root-directory for more information.
 Detected additional lockfiles: 
   * /home/soffy/projects/veya/veya-web/package-lock.json


 HEAD / 200 in 258ms (next.js: 123ms, application-code: 135ms)
 GET / 200 in 59ms (next.js: 5ms, application-code: 54ms)
[browser] Uncaught TypeError: sessions.filter is not a function
    at LeftPanel (src/components/layout/LeftPanel.tsx:47:29)
    at HicodeShell (src/components/layout/HicodeShell.tsx:50:9)
    at Page (src/app/page.tsx:2:41)
  45 |   }, [currentProject]);
  46 |
> 47 |   const filtered = sessions.filter(s => !search || s.title.includes(search));
     |                             ^
  48 |   const groups = groupByDay(filtered);
  49 |
  50 |   return (
 GET / 200 in 39ms (next.js: 3ms, application-code: 36ms)
[browser] Uncaught TypeError: projects.map is not a function
    at LeftPanel (src/components/layout/LeftPanel.tsx:59:21)
    at HicodeShell (src/components/layout/HicodeShell.tsx:50:9)
    at Page (src/app/page.tsx:2:41)
  57 |         </div>
  58 |         <div className="hc-project-list">
> 59 |           {projects.map(p => (
     |                     ^
  60 |             <button key={p.id} className="hc-project-item"
  61 |               data-active={currentProject === p.id ? 'true' : undefined}
  62 |               onClick={() => onProject(p.id)}>
 GET / 200 in 35ms (next.js: 2ms, application-code: 33ms)
⚠ Blocked cross-origin request to Next.js dev resource /_next/webpack-hmr from "172.23.229.195".
Cross-origin access to Next.js dev resources is blocked by default for safety.

To allow this host in development, add it to "allowedDevOrigins" in next.config.js and restart the dev server:

// next.config.js
module.exports = {
  allowedDevOrigins: ['172.23.229.195'],
}

Read more: https://nextjs.org/docs/app/api-reference/config/next-config-js/allowedDevOrigins
 GET / 200 in 30ms (next.js: 3ms, application-code: 28ms)
⚠ Fast Refresh had to perform a full reload due to a runtime error.
✓ Compiled in 384ms
 GET / 200 in 39ms (next.js: 4ms, application-code: 35ms)
[browser] Uncaught TypeError: changes.map is not a function
    at GitPanel (src/components/git/GitPanel.tsx:61:18)
    at HicodeShell (src/components/layout/HicodeShell.tsx:74:13)
    at Page (src/app/page.tsx:2:41)
  59 |
  60 |       <div className="hc-git__list">
> 61 |         {changes.map(c => (
     |                  ^
  62 |           <div key={c.path} className="hc-change">
  63 |             <button className="hc-change__head" onClick={() => toggle(c.path)}>
  64 |               <span className="hc-change__icon">{fileIcon(c.path)}</span>
 GET / 200 in 31ms (next.js: 3ms, application-code: 28ms)
⚠ Fast Refresh had to perform a full reload due to a runtime error.
✓ Compiled in 70ms
 GET / 200 in 37ms (next.js: 4ms, application-code: 33ms)
 GET / 200 in 38ms (next.js: 4ms, application-code: 34ms)
 GET / 200 in 34ms (next.js: 3ms, application-code: 31ms)
 GET / 200 in 29ms (next.js: 3ms, application-code: 26ms)
 GET / 200 in 37ms (next.js: 2ms, application-code: 34ms)
 GET / 200 in 36ms (next.js: 3ms, application-code: 33ms)
 GET / 200 in 28ms (next.js: 1928µs, application-code: 27ms)
 GET / 200 in 35ms (next.js: 2ms, application-code: 32ms)
 GET / 200 in 27ms (next.js: 2ms, application-code: 25ms)
 GET / 200 in 30ms (next.js: 3ms, application-code: 26ms)
 GET / 200 in 29ms (next.js: 2ms, application-code: 27ms)
 GET / 200 in 33ms (next.js: 5ms, application-code: 28ms)
 GET / 200 in 30ms (next.js: 3ms, application-code: 27ms)
 GET / 200 in 27ms (next.js: 3ms, application-code: 25ms)
 GET / 200 in 29ms (next.js: 2ms, application-code: 27ms)
 GET / 200 in 29ms (next.js: 2ms, application-code: 27ms)
 GET / 200 in 35ms (next.js: 4ms, application-code: 31ms)
 GET / 200 in 34ms (next.js: 3ms, application-code: 31ms)
✓ Compiled in 53ms
✓ Compiled in 41ms
✓ Compiled in 47ms
✓ Compiled in 38ms
 GET / 200 in 42ms (next.js: 3ms, application-code: 38ms)
 GET / 200 in 41ms (next.js: 4ms, application-code: 37ms)
 GET / 200 in 28ms (next.js: 3ms, application-code: 26ms)
 GET / 200 in 29ms (next.js: 2ms, application-code: 27ms)
 GET / 200 in 28ms (next.js: 2ms, application-code: 25ms)
 GET / 200 in 37ms (next.js: 3ms, application-code: 35ms)
 GET / 200 in 28ms (next.js: 2ms, application-code: 25ms)
 GET / 200 in 32ms (next.js: 2ms, application-code: 30ms)
 GET / 200 in 38ms (next.js: 3ms, application-code: 35ms)
 GET / 200 in 32ms (next.js: 4ms, application-code: 28ms)
 GET / 200 in 30ms (next.js: 3ms, application-code: 27ms)
 GET / 200 in 45ms (next.js: 4ms, application-code: 41ms)
 GET / 200 in 30ms (next.js: 3ms, application-code: 28ms)
 GET / 200 in 41ms (next.js: 4ms, application-code: 37ms)
 GET / 200 in 32ms (next.js: 4ms, application-code: 29ms)
 GET / 200 in 32ms (next.js: 3ms, application-code: 29ms)
 GET / 200 in 38ms (next.js: 3ms, application-code: 35ms)
 GET / 200 in 28ms (next.js: 2ms, application-code: 25ms)
 GET / 200 in 31ms (next.js: 3ms, application-code: 28ms)
  Reload env: .env.local
✓ Compiled in 59ms
 GET / 200 in 206ms (next.js: 134ms, application-code: 72ms)
 GET / 200 in 17ms (next.js: 2ms, application-code: 14ms)
 GET / 200 in 23ms (next.js: 1711µs, application-code: 21ms)
 GET / 200 in 135ms (next.js: 3ms, application-code: 132ms)
 GET / 200 in 29ms (next.js: 2ms, application-code: 27ms)
 GET / 200 in 32ms (next.js: 2ms, application-code: 30ms)
 GET / 200 in 28ms (next.js: 3ms, application-code: 25ms)
 GET / 200 in 30ms (next.js: 2ms, application-code: 28ms)
 GET / 200 in 34ms (next.js: 3ms, application-code: 31ms)
 GET / 200 in 35ms (next.js: 3ms, application-code: 32ms)
 GET / 200 in 28ms (next.js: 2ms, application-code: 26ms)
 GET / 200 in 31ms (next.js: 2ms, application-code: 29ms)
 GET / 200 in 29ms (next.js: 3ms, application-code: 27ms)
 GET / 200 in 32ms (next.js: 2ms, application-code: 29ms)
 GET / 200 in 36ms (next.js: 2ms, application-code: 34ms)
 GET / 200 in 29ms (next.js: 2ms, application-code: 27ms)
 GET / 200 in 29ms (next.js: 2ms, application-code: 27ms)
 GET / 200 in 39ms (next.js: 2ms, application-code: 37ms)
 GET / 200 in 32ms (next.js: 3ms, application-code: 29ms)
 GET / 200 in 38ms (next.js: 3ms, application-code: 35ms)
 GET / 200 in 35ms (next.js: 2000µs, application-code: 33ms)
 GET / 200 in 31ms (next.js: 2ms, application-code: 29ms)
 GET / 200 in 29ms (next.js: 2ms, application-code: 27ms)
 GET / 200 in 31ms (next.js: 3ms, application-code: 28ms)
 GET / 200 in 40ms (next.js: 3ms, application-code: 37ms)
 GET / 200 in 32ms (next.js: 3ms, application-code: 29ms)
 GET / 200 in 39ms (next.js: 3ms, application-code: 36ms)
 GET / 200 in 32ms (next.js: 3ms, application-code: 29ms)
 GET / 200 in 35ms (next.js: 3ms, application-code: 32ms)
 GET / 200 in 39ms (next.js: 3ms, application-code: 36ms)
 GET / 200 in 37ms (next.js: 3ms, application-code: 34ms)
[browser] ⨯ unhandledRejection: TypeError: Failed to fetch
    at req (src/lib/api-client.ts:13:21)
    at Object.createSession (src/lib/api-client.ts:25:24)
    at newSession (src/components/layout/HicodeShell.tsx:42:31)
  11 |
  12 | async function req<T>(path: string, init?: RequestInit): Promise<T> {
> 13 |   const res = await fetch(`${API_BASE}${path}`, {
     |                     ^
  14 |     ...init,
  15 |     headers: { 'Content-Type': 'application/json', ...(init?.headers as Record<string, str...
  16 |   });
[browser] ⨯ unhandledRejection: TypeError: Failed to fetch
    at req (src/lib/api-client.ts:13:21)
    at Object.prompt (src/lib/api-client.ts:24:18)
    at send (src/components/chat/ChatStream.tsx:93:21)
    at onKeyDown (src/components/chat/ChatStream.tsx:136:89)
  11 |
  12 | async function req<T>(path: string, init?: RequestInit): Promise<T> {
> 13 |   const res = await fetch(`${API_BASE}${path}`, {
     |                     ^
  14 |     ...init,
  15 |     headers: { 'Content-Type': 'application/json', ...(init?.headers as Record<string, str...
  16 |   });
[browser] ⨯ unhandledRejection: TypeError: Failed to fetch
    at req (src/lib/api-client.ts:13:21)
    at Object.prompt (src/lib/api-client.ts:24:18)
    at send (src/components/chat/ChatStream.tsx:93:21)
  11 |
  12 | async function req<T>(path: string, init?: RequestInit): Promise<T> {
> 13 |   const res = await fetch(`${API_BASE}${path}`, {
     |                     ^
  14 |     ...init,
  15 |     headers: { 'Content-Type': 'application/json', ...(init?.headers as Record<string, str...
  16 |   });
